01.jpg
18_V2.jpg
31.php
38.js
6.js
7.php?content_schriftgroesse=1em
arrow_dunkelgruen.gif
arrow_grey.gif
arrow_schwarz_down.gif
arrow_schwarz.gif
bg_body_V2.jpg
bg_footer_V2.gif
bg_footer_V2.png
bg_wrapper_V2.gif
bg_wrapper_V2.png
btn_hover_2.png
btn_normal.png
dynimg.php?color=009682
faq.png
favicon.ico
first_level.gif
headline_bg.gif
head_text_corner.png
infobox_deko_right_top.png
infobox_left_bottom_V2.gif
infobox_right_top_V2.gif
jquery.min.js
kit_logo_V2_de.png
left_navi_V2.gif
logo_fzk.gif
logo_uni.gif
nav_hor_bg.gif
navi_closed.gif
navi_level_1_closed.gif
navi_level_1_open.gif
navi_open.gif
navwhite.gif
second_level_foot.gif
second_level.gif
tab_inactive.gif
tab_inactive_hover.gif
td3list_dot.gif
top_active.jpg
top_hover.jpg
top_item_end_modern.jpg
top_item_end_V2.gif
top_item.gif
top_item_left.gif
top_item_left_modern.jpg
top_item_modern.jpg
top_item_right.gif
top_item_right_modern.jpg
top_long.gif
totop.png
Uni_Einsteiger_20121121-CS-01-003_rdax_178x119.jpg
Uni_Einsteiger_20121121-CS-01-009_rdax_178x119.jpg
zoom_lupe2.png
