01.jpg
09_V2.jpg
31.php
38.js
6.js
7.php?content_schriftgroesse=1em
arrow_dunkelgruen.gif
arrow_grey.gif
arrow_schwarz_down.gif
arrow_schwarz.gif
bg_body_V2.jpg
bg_footer_V2.gif
bg_footer_V2.png
bg_wrapper_V2.gif
bg_wrapper_V2.png
Bild_Campus-Kollektion_studieren.jpg
btn_hover_2.png
btn_normal.png
dynimg.php?color=009682
faq.png
favicon.ico
Fernstudium.jpg
first_level.gif
headline_bg.gif
head_text_corner.png
index.php
infobox_deko_right_top.png
infobox_left_bottom_V2.gif
infobox_right_top_V2.gif
jquery.min.js
kit_logo_V2_de.png
left_navi_V2.gif
logo_fzk.gif
LogoKompass_Web.jpg
Logo_Radio_KIT_rdax_168x94.jpg
logo_uni.gif
MINT-Kolleg-BW.jpg
nav_hor_bg.gif
navi_closed.gif
navi_level_1_closed.gif
navi_level_1_open.gif
navi_open.gif
navwhite.gif
rss.png
second_level_foot.gif
second_level.gif
Studentin.jpg
stuser.de.jpg
tab_inactive.gif
tab_inactive_hover.gif
td3list_dot.gif
top_active.jpg
top_hover.jpg
top_item_end_modern.jpg
top_item_end_V2.gif
top_item.gif
top_item_left.gif
top_item_left_modern.jpg
top_item_modern.jpg
top_item_right.gif
top_item_right_modern.jpg
top_long.gif
totop.png
