01.jpg
26_V2.jpg
31.php
38.js
6.js
7style.css
arrow_dunkelgruen.gif
arrow_grey.gif
arrow_schwarz_down.gif
arrow_schwarz.gif
Aufmacherbild_ZAK_dtsch.jpg
Aufmacher-Energie_de.jpg
aufmacher_mobilitaet_de.jpg
bg_body_V2.jpg
bg_footer_V2.gif
bg_footer_V2.png
bg_spacer_V2.png
bg_wrapper_none_V2.png
bg_wrapper_V2.gif
bg_wrapper_V2.png
Bild_Campus-Kollektion_Start1.jpg
btn_hover_2.png
btn_normal.png
dynimg.php?color=009682
fahne.png
faq.png
favicon.ico
first_level.gif
FoSS-SportsCamp_2013.jpg
GasPlus-Lab.jpg
headline_bg.gif
head_text_corner.png
icon_facebook.png
icon_twitter.png
icon_youtube.png
infobox_deko_right_top.png
infobox_left_bottom_V2.gif
infobox_right_top_V2.gif
IT_aufmacherbild_de.jpg
jquery.min.js
KEY-Visual_180x89.jpg
KEY-Visual_KITedu_793x284_DE_V02.jpg
kit_logo_V2_de.png
kit_stiftung__logo__180x88px_rdax_180x88.jpg
left_navi_V2.gif
logo_fzk.gif
logo_uni.gif
mediathek_teaser_normal.jpg
nav_hor_bg.gif
navi_closed.gif
navi_level_1_closed.gif
navi_level_1_open.gif
navi_open.gif
navwhite.gif
rss_hover.png
second_level_foot.gif
second_level.gif
tab_inactive.gif
tab_inactive_hover.gif
td3list_dot.gif
top_active.jpg
top_hover.jpg
top_item_end_modern.jpg
top_item_end_V2.gif
top_item.gif
top_item_left.gif
top_item_left_modern.jpg
top_item_modern.jpg
top_item_right.gif
top_item_right_modern.jpg
top_long.gif
totop.png
Uni_fuer_Einsteiger_2012.jpg
