mail-icon.png?2012-12-10T19:06:40Z
Checker-16x16.png?2012-12-10T19:06:40Z
tab-break.png?2012-12-10T19:06:40Z
video-icon.png?2012-12-10T19:06:40Z
20px-Wikivoyage-logo.svg.png
wikimedia-button.png
robots.txt
portal-break.png?2012-12-10T19:06:40Z
26px-Wikinews-logo.svg.png
30px-P_transport-lightblue.png
85px-Anthony_Hopkins-Tuscan_Sun_Festival.jpg
player_big_play_button_hover.png?2012-12-10T19:10:00Z
30px-P_history-lightblue.png
30px-P_countries-lightblue.png
arrow-down-focus-icon.png?2012-12-10T19:06:40Z
page-fade.png?2012-12-10T19:06:40Z
tipsy-arrow.gif?2012-12-10T19:06:40Z
load.php?debug=false&lang=de&modules=ext.gadget.CommonsDirekt,WikiMiniAtlas|ext.wikihiero|mediawiki.legacy.commonPrint,shared|mw.PopUpMediaTransform|skins.vector&only=styles&skin=vector&*
news-icon.png?2012-12-10T19:06:40Z
user-icon.png?2012-12-10T19:06:40Z
poweredby_mediawiki_88x31.png
arrow-down-icon.png?2012-12-10T19:06:40Z
30px-P_social_sciences-lightblue.png
search-fade.png?2012-12-10T19:06:40Z
85px-Jetztspenden_lc_2008.jpg
geoiplookup
external-link-ltr-icon.png?2012-12-10T19:06:40Z
182px-Syracusa_Drachma_405_82000306.jpg
file-icon.png?2012-12-10T19:06:40Z
load.php?debug=false&lang=de&modules=site&only=scripts&skin=vector&*
load.php?debug=false&lang=de&modules=skins.vector&only=scripts&skin=vector&*
document-icon.png?2012-12-10T19:06:40Z
page-base.png?2012-12-10T19:06:40Z
20px-Wikisource-logo.svg.png
ajax-loader.gif?2012-12-10T19:06:40Z
tab-normal-fade.png?2012-12-10T19:06:40Z
talk-icon.png?2012-12-10T19:06:40Z
Monobook-bullet-star-gray.png
preferences-base.png?2012-12-10T19:06:40Z
load.php?debug=false&lang=de&modules=site&only=styles&skin=vector&*
border.png?2012-12-10T19:06:40Z
help-question-hover.gif?2012-12-10T19:06:40Z
player_big_play_button.png?2012-12-10T19:10:00Z
20px-Wikimedia_Community_Logo.svg.png
85px-Avigdor_Lieberman_(July_2010)_cropped.jpg
bullet-icon.png?2012-12-10T19:06:40Z
20px-Wiktionary_small.svg.png
30px-P_art-lightblue.png
Wikipedia-logo-v2-de.png
search-ltr.png?303-4
30px-P_sport-lightblue.png
21px-Wikibooks-logo.svg.png
audio-icon.png?2012-12-10T19:06:40Z
30px-P_ps-lightblue.png
load.php?debug=false&lang=de&modules=startup&only=scripts&skin=vector&*
watch-icons.png?2012-12-10T19:06:40Z
Monobook-bullet-star-transparent.png
preferences-fade.png?2012-12-10T19:06:40Z
12px-Feed-icon.svg.png
spinner.gif?2012-12-10T19:06:40Z
help-question.gif?2012-12-10T19:06:40Z
preferences-break.png?2012-12-10T19:06:40Z
20px-Wikiquote-logo.svg.png
18px-Commons-logo.svg.png
favicon.ico
125px-McKeen_Motor_Car_-22_Restoration.jpg
20px-Wikiversity-logo.svg.png
20px-Clock_and_warning.svg.png
index.html.map
lock-icon.png?2012-12-10T19:06:40Z
30px-P_religion-lightblue.png
index.html
watch-icon-loading.gif?2012-12-10T19:06:40Z
feed-icon.png?2012-12-10T19:06:40Z
tab-current-fade.png?2012-12-10T19:06:40Z
20px-Wikidata-logo-en.svg.png
