style-V3-17-3.css
0,1020,1545686,00.jpg
0,1020,1545908,00.jpg
0,1020,2221510,00.jpg
0,1020,719818,00.gif
0,1020,829939,00.gif
0,1020,829940,00.gif
0,1020,999745,00.gif
3px_f5f5f5_line_kolumnisten.jpg
ani-loader_small.gif
artcleHead.gif
background_verlauf.jpg
bedeckt26x20.gif
bg_bessernutzen_sprite.png
bg_breadcrumb.jpg
bg_containerbottom.png
bg_ececec.png
bg_einestagesheader.gif
bg_footer-partner-sprite.png
bg_glossarylinks.jpg
bg_header_sprite.png
bg_inputtext.png
bg_lexikonheader.gif
bg_maincontainer_line.gif
bg_maincontent.png
bg_mainnav.png
bg_map-layout-sprite.png
bg_navilayerbottom_neu.png
bg_navilayermiddle_neu.png
bg_seite2.gif
bg_spamheader.jpg
bg_stoerer.jpg
bg_suchmaske.jpg
bg_suchselect.gif
bg_such-top-sprite.png
bg_themen_a_z.jpg
bg_themenbox.png
bg_themenboxtop.png
bg_themensuche.png
bg_themenuebersicht_header.jpg
bg_topic-head-bullet-sprite.png
bg_topicindex_en.png
bg_videosearch.png
bg_video-wrapper.png
bg_wikiheader.gif
bg_wrapper.png
blase_user.png
btn_close_black.png
btn_less-more-sprite.png
btn_piclayer_small-sprite.png
btn_piclayer-sprite.png
btn_video-interactions-sprite.png
buttonMPCTabAktiv.png
buttonMPCTab.png
but_video_2.png
close.png
erste.png
facebook_14.jpg
favicon.ico
googleplus_14.jpg
ic_arrowblack.gif
ic_arrow-bullet-sprite.png
ic_article-news-sprite.png
ic_back.gif
ic_buffering.gif
ic_ext-link-sprite.png
ic_firstitem.gif
ic_forward.gif
ic_home_red.png
ic_ipadvideo-controls-sprite.png
ic_listbullet.gif
ic_list.gif
ic_load-ani.gif
ic_mapcheckboxes-sprite.png
ic_mapcheckboxes-sprite_small.png
ic_mapcontrol-category-sprite.png
ic_mapcontrol-sprite.png
ic_mapzoom-sprite.png
ic_morestories.gif
ic_moretopics.gif
icon_fehler.jpg
icon_forum.png
icon_nadel_themencrumb_8.png
ic_pdf.gif
ic_ressortteaser-sprite.png
ic_right_one_arrow_small.gif
ic_right_two_arrowsback.gif
ic_right_two_arrows.gif
ic_scroll-arrows-sprite.png
ic_scroll-drag.png
ic_seconditem.gif
ic_sonnenwetter.png
ic_start_ipadvideo.png
ic_submit.gif
ic_swf.gif
ic_themen_icon_klein.png
ic_thirditem.gif
javascript-V3-17-3.js
kolumnisten_faces.png
letzte.png
logo_background_international.jpg
logo_background.jpg
logo_background_zitate_international.jpg
logo_background_zitate.jpg
map_mini_pin.png
netmind-V3-17-3.js
pager-li.jpg
pager-re.jpg
pfeilmume_li.png
pfeilmume_re.png
pfeil_rechts.png
pfeil-unten-aktiv.png
pfeil_unten.png
pixel.gif
play-trans_37x37.png
popuplayer_cor_sprite.png
popuplayer_line.png
regenschauer26x20.gif
schneeschauer26x20.gif
shadedbuttonspritef2f2f2.png
shadedbuttonsprite.png
spiegelonline_logo.png
spiellaeuft.gif
spv9dax161x96.gif
spv9dow161x96.gif
spv9tecdax161x96.gif
twitter_14.jpg
vor.png
vote_icon.jpg
wolkig26x20.gif
zurueck.png
